// Jest Snapshot v1, https://goo.gl/fbAQLP

exports[`Portfolio container renders matches snapshot 1`] = `
<DocumentFragment>
  <main
    class="container"
  />
</DocumentFragment>
`;
